// Jest Snapshot v1, https://goo.gl/fbAQLP

exports[`App snapshot renders 1`] = `
<div
  id="App"
>
  <header />
  <h1>
    My COunter JEst
  </h1>
  <div>
    <p>
      0
    </p>
  </div>
  <div>
    <button
      onClick={[Function]}
      type="button"
    >
      +
    </button>
    <button
      onClick={[Function]}
      type="button"
    >
      -
    </button>
  </div>
  <h1>
    hello
  </h1>
  <h2>
    My Async data
  </h2>
  <ul />
</div>
`;

exports[`Counter snapshot renders 1`] = `
<div>
  <p>
    1
  </p>
</div>
`;
